
> sem10-xp@1.0.0 build
> vite build

[36mvite v5.4.21 [32mbuilding for production...[36m[39m
transforming...
[32m✓[39m 7 modules transformed.

[36mPWA v0.20.5[39m
mode      [35mgenerateSW[39m
precache  [32m8 entries[39m [2m(0.00 KiB)[22m
files generated
  [2mdist/sw.js[22m
  [2mdist/workbox-9c191d2f.js[22m
[33mwarnings
  One of the glob patterns doesn't match any files. Please remove or fix the following: {
  "globDirectory": "/home/runner/work/SEM10-XP-test/SEM10-XP-test/dist",
  "globPattern": "**/*.{js,css,html,png,svg,ico,webmanifest,wav}",
  "globIgnores": [
    "**/node_modules/**/*",
    "sw.js",
    "workbox-*.js"
  ]
}
[39m
[31mx[39m Build failed in 2.99s
[31merror during build:
[31m[vite-plugin-pwa:build] There was an error during the build:
  [plugin vite:build-import-analysis] src/tracker-sort-filter.js (13:0): Failed to parse source for import analysis because the content contains invalid JS syntax. If you are using JSX, make sure to name the file with the .jsx or .tsx extension.
Additionally, handling the error in the 'buildEnd' hook caused the following error:
  [plugin vite:build-import-analysis] src/tracker-sort-filter.js (13:0): Failed to parse source for import analysis because the content contains invalid JS syntax. If you are using JSX, make sure to name the file with the .jsx or .tsx extension.[31m
file: [36m/home/runner/work/SEM10-XP-test/SEM10-XP-test/src/tracker-sort-filter.js:13:0[31m
[33m
11: })();`;document.head.appendChild(s);
12: })();
[31m
    at getRollupError (file:///home/runner/work/SEM10-XP-test/SEM10-XP-test/node_modules/rollup/dist/es/shared/parseAst.js:317:41)
    at file:///home/runner/work/SEM10-XP-test/SEM10-XP-test/node_modules/rollup/dist/es/shared/node-entry.js:23685:39
    at async catchUnfinishedHookActions (file:///home/runner/work/SEM10-XP-test/SEM10-XP-test/node_modules/rollup/dist/es/shared/node-entry.js:23141:16)
    at async rollupInternal (file:///home/runner/work/SEM10-XP-test/SEM10-XP-test/node_modules/rollup/dist/es/shared/node-entry.js:23668:5)
    at async build (file:///home/runner/work/SEM10-XP-test/SEM10-XP-test/node_modules/vite/dist/node/chunks/dep-BK3b2jBa.js:65709:14)
    at async CAC.<anonymous> (file:///home/runner/work/SEM10-XP-test/SEM10-XP-test/node_modules/vite/dist/node/cli.js:829:5)[39m
